[03:33:11] [ServerMain/INFO]: Environment: authHost='https://authserver.mojang.com', accountsHost='https://api.mojang.com', sessionHost='https://sessionserver.mojang.com', servicesHost='https://api.minecraftservices.com', name='PROD'
[03:33:12] [ServerMain/INFO]: Loaded 7 recipes
[03:33:12] [Server thread/INFO]: Starting minecraft server version 1.20.1
[03:33:12] [Server thread/INFO]: Loading properties
[03:33:13] [Server thread/INFO]: This server is running Paper version git-Paper-196 (MC: 1.20.1) (Implementing API version 1.20.1-R0.1-SNAPSHOT) (Git: 773dd72)
[03:33:13] [Server thread/INFO]: Server Ping Player Sample Count: 12
[03:33:13] [Server thread/INFO]: Using 4 threads for Netty based IO
[03:33:13] [Server thread/WARN]: [!] The timings profiler has been enabled but has been scheduled for removal from Paper in the future.
    We recommend installing the spark profiler as a replacement: https://spark.lucko.me/
    For more information please visit: https://github.com/PaperMC/Paper/issues/8948
[03:33:13] [Server thread/INFO]: [ChunkTaskScheduler] Chunk system is using 1 I/O threads, 1 worker threads, and gen parallelism of 1 threads
[03:33:13] [Server thread/INFO]: Default game type: SURVIVAL
[03:33:13] [Server thread/INFO]: Generating keypair
[03:33:14] [Server thread/INFO]: Starting Minecraft server on *:25565
[03:33:14] [Server thread/INFO]: Using epoll channel type
[03:33:14] [Server thread/INFO]: Paper: Using libdeflate (Linux x86_64) compression from Velocity.
[03:33:14] [Server thread/INFO]: Paper: Using OpenSSL 1.1.x (Linux x86_64) cipher from Velocity.
[03:33:14] [Server thread/INFO]: [s2e-sand-box] Loading server plugin s2e-sand-box v2.0.3
[03:33:14] [Server thread/INFO]: [s2e-bedrock-box] Loading server plugin s2e-bedrock-box v1.2.7
[03:33:14] [Server thread/INFO]: [s2e-farm-pro] Loading server plugin s2e-farm-pro v1.2.4-pro
[03:33:14] [Server thread/INFO]: [ServerTap] Loading server plugin ServerTap v0.5.4-SNAPSHOT
[03:33:14] [Server thread/INFO]: Server permissions file permissions.yml is empty, ignoring it
[03:33:14] [Server thread/INFO]: [ServerTap] Enabling ServerTap v0.5.4-SNAPSHOT
[03:33:14] [Server thread/INFO]: [ServerTap] No Vault plugin detected
[03:33:14] [Server thread/WARN]: [ServerTap] TLS is not enabled.
[03:33:14] [Server thread/INFO]: [ServerTap] Enabling CORS for *
[03:33:14] [Server thread/WARN]: [ServerTap] AUTH KEY IS SET TO DEFAULT "change_me"
[03:33:14] [Server thread/WARN]: [ServerTap] CHANGE THE key IN THE config.yml FILE
[03:33:14] [Server thread/WARN]: [ServerTap] FAILURE TO CHANGE THE KEY MAY RESULT IN SERVER COMPROMISE
[03:33:14] [Server thread/INFO]: [io.javalin.Javalin] Starting Javalin ...
[03:33:14] [Server thread/INFO]: [org.eclipse.jetty.server.Server] jetty-11.0.15; built: 2023-04-11T18:37:53.775Z; git: 5bc5e562c8d05c5862505aebe5cf83a61bdbcb96; jvm 17.0.14+7-Ubuntu-120.04
[03:33:14] [Server thread/INFO]: [org.eclipse.jetty.server.session.DefaultSessionIdManager] Session workerName=node0
[03:33:14] [Server thread/INFO]: [org.eclipse.jetty.server.handler.ContextHandler] Started i.j.j.@559fa38a{/,null,AVAILABLE}
[03:33:14] [Server thread/INFO]: [org.eclipse.jetty.server.AbstractConnector] Started ServerConnector@645ae83b{HTTP/1.1, (http/1.1)}{0.0.0.0:4567}
[03:33:14] [Server thread/INFO]: [org.eclipse.jetty.server.Server] Started Server@9aa6e72{STARTING}[11.0.15,sto=0] @10465ms
[03:33:14] [Server thread/INFO]: [io.javalin.Javalin] Listening on http://localhost:4567/
[03:33:14] [Server thread/INFO]: [io.javalin.Javalin] You are running Javalin 5.6.2 (released July 31, 2023. Your Javalin version is 610 days old. Consider checking for a newer version.).
[03:33:14] [Server thread/INFO]: [io.javalin.Javalin] Javalin started in 287ms \o/
[03:33:14] [Server thread/WARN]: **** SERVER IS RUNNING IN OFFLINE/INSECURE MODE!
[03:33:14] [Server thread/WARN]: The server will make no attempt to authenticate usernames. Beware.
[03:33:14] [Server thread/WARN]: While this makes the game possible to play without internet access, it also opens up the ability for hackers to connect with any username they choose.
[03:33:14] [Server thread/WARN]: To change this, set "online-mode" to "true" in the server.properties file.
[03:33:14] [Server thread/INFO]: Preparing level "world"
[03:33:15] [Server thread/INFO]: Preparing start region for dimension minecraft:overworld
[03:33:15] [Server thread/INFO]: Time elapsed: 314 ms
[03:33:15] [Server thread/INFO]: Preparing start region for dimension minecraft:the_nether
[03:33:15] [Server thread/INFO]: Time elapsed: 71 ms
[03:33:15] [Server thread/INFO]: Preparing start region for dimension minecraft:the_end
[03:33:15] [Server thread/INFO]: Time elapsed: 69 ms
[03:33:15] [Server thread/INFO]: [s2e-sand-box] Enabling s2e-sand-box v2.0.3
[03:33:15] [Server thread/INFO]: [s2e-bedrock-box] Enabling s2e-bedrock-box v1.2.7
[03:33:16] [Server thread/INFO]: [s2e-farm-pro] Enabling s2e-farm-pro v1.2.4-pro
[03:33:16] [Server thread/WARN]: java.io.FileNotFoundException: plugins/s2e-farm-pro/farmland.txt (No such file or directory)
[03:33:16] [Server thread/WARN]: 	at java.base/java.io.FileInputStream.open0(Native Method)
[03:33:16] [Server thread/WARN]: 	at java.base/java.io.FileInputStream.open(FileInputStream.java:216)
[03:33:16] [Server thread/WARN]: 	at java.base/java.io.FileInputStream.<init>(FileInputStream.java:157)
[03:33:16] [Server thread/WARN]: 	at java.base/java.io.FileReader.<init>(FileReader.java:75)
[03:33:16] [Server thread/WARN]: 	at farm-pro.jar//っ.わ(FarmData.java:35171)
[03:33:16] [Server thread/WARN]: 	at farm-pro.jar//っ.<init>(FarmData.java:7287)
[03:33:16] [Server thread/WARN]: 	at farm-pro.jar//server.omodox.s2efarm.S2e_farm.initFarm(S2e_farm.java:217)
[03:33:16] [Server thread/WARN]: 	at farm-pro.jar//server.omodox.s2efarm.S2e_farm.tryTocreateFarm(S2e_farm.java:62)
[03:33:16] [Server thread/WARN]: 	at farm-pro.jar//server.omodox.s2efarm.S2e_farm.onEnable(S2e_farm.java:51)
[03:33:16] [Server thread/WARN]: 	at org.bukkit.plugin.java.JavaPlugin.setEnabled(JavaPlugin.java:281)
[03:33:16] [Server thread/WARN]: 	at io.papermc.paper.plugin.manager.PaperPluginInstanceManager.enablePlugin(PaperPluginInstanceManager.java:189)
[03:33:16] [Server thread/WARN]: 	at io.papermc.paper.plugin.manager.PaperPluginManagerImpl.enablePlugin(PaperPluginManagerImpl.java:104)
[03:33:16] [Server thread/WARN]: 	at org.bukkit.plugin.SimplePluginManager.enablePlugin(SimplePluginManager.java:507)
[03:33:16] [Server thread/WARN]: 	at org.bukkit.craftbukkit.v1_20_R1.CraftServer.enablePlugin(CraftServer.java:642)
[03:33:16] [Server thread/WARN]: 	at org.bukkit.craftbukkit.v1_20_R1.CraftServer.enablePlugins(CraftServer.java:553)
[03:33:16] [Server thread/WARN]: 	at net.minecraft.server.MinecraftServer.loadWorld0(MinecraftServer.java:635)
[03:33:16] [Server thread/WARN]: 	at net.minecraft.server.MinecraftServer.loadLevel(MinecraftServer.java:434)
[03:33:16] [Server thread/WARN]: 	at net.minecraft.server.dedicated.DedicatedServer.e(DedicatedServer.java:308)
[03:33:16] [Server thread/WARN]: 	at net.minecraft.server.MinecraftServer.w(MinecraftServer.java:1100)
[03:33:16] [Server thread/WARN]: 	at net.minecraft.server.MinecraftServer.lambda$spin$0(MinecraftServer.java:317)
[03:33:16] [Server thread/WARN]: 	at java.base/java.lang.Thread.run(Thread.java:840)
[03:33:16] [Server thread/INFO]: [s2e-farm-pro] fs2ekpcHnMIYiwX7P6aIsYblAqP2c1GiZ2z1gie1ATlvoCYOLVkhpGbUQfqkoivGh4UKpX
[03:33:17] [Server thread/INFO]: Running delayed init tasks
[03:33:17] [Server thread/INFO]: Done (4.443s)! For help, type "help"
[03:33:17] [Server thread/INFO]: Timings Reset
[03:33:17] [User Authenticator #0/INFO]: UUID of player Bartynz is 64fd4f28-6f3b-3e68-b7a0-71a6f6f9f875
[03:33:17] [Server thread/INFO]: Bartynz joined the game
[03:33:17] [Server thread/INFO]: Bartynz[/127.51.146.127:45325] logged in with entity id 308 at ([world]981.3517589015194, 104.0, 991.5592943189165)
[03:33:18] [Server thread/INFO]: Farm created!
[03:33:18] [Server thread/INFO]: Plugin v 1.2.4-pro
[03:33:18] [Server thread/INFO]: Powered by streamtoearn.io
[03:33:58] [User Authenticator #0/INFO]: UUID of player lunek334 is b767140b-7caa-36cd-b2f7-9432f16fcc59
[03:33:58] [Server thread/INFO]: lunek334 joined the game
[03:33:58] [Server thread/INFO]: lunek334[/127.199.189.5:42451] logged in with entity id 4232 at ([world]983.8983802674201, 104.0, 990.5885349970347)
[03:36:49] [Server thread/INFO]: Bartynz issued server command: /function tiktok:witherywarden
[03:36:49] [Server thread/INFO]: [Bartynz: Executed 4 command(s) from function 'tiktok:witherywarden']
[03:37:11] [Server thread/INFO]: Bartynz went off with a bang
[03:37:43] [Server thread/ERROR]: Could not pass event EntityDeathEvent to s2e-farm-pro v1.2.4-pro
java.lang.NullPointerException: Cannot invoke "java.lang.Integer.intValue()" because the return value of "java.util.Map.get(Object)" is null
	at つ.onEntityDeath(WolfController.java:56717) ~[farm-pro.jar:?]
	at com.destroystokyo.paper.event.executor.asm.generated.GeneratedEventExecutor18.execute(Unknown Source) ~[?:?]
	at org.bukkit.plugin.EventExecutor$2.execute(EventExecutor.java:77) ~[paper-api-1.20.1-R0.1-SNAPSHOT.jar:?]
	at co.aikar.timings.TimedEventExecutor.execute(TimedEventExecutor.java:81) ~[paper-api-1.20.1-R0.1-SNAPSHOT.jar:git-Paper-196]
	at org.bukkit.plugin.RegisteredListener.callEvent(RegisteredListener.java:70) ~[paper-api-1.20.1-R0.1-SNAPSHOT.jar:?]
	at io.papermc.paper.plugin.manager.PaperEventManager.callEvent(PaperEventManager.java:54) ~[paper-1.20.1.jar:git-Paper-196]
	at io.papermc.paper.plugin.manager.PaperPluginManagerImpl.callEvent(PaperPluginManagerImpl.java:126) ~[paper-1.20.1.jar:git-Paper-196]
	at org.bukkit.plugin.SimplePluginManager.callEvent(SimplePluginManager.java:615) ~[paper-api-1.20.1-R0.1-SNAPSHOT.jar:?]
	at org.bukkit.craftbukkit.v1_20_R1.event.CraftEventFactory.callEntityDeathEvent(CraftEventFactory.java:928) ~[paper-1.20.1.jar:git-Paper-196]
	at net.minecraft.world.entity.LivingEntity.dropAllDeathLoot(LivingEntity.java:1801) ~[?:?]
	at net.minecraft.world.entity.LivingEntity.die(LivingEntity.java:1695) ~[?:?]
	at net.minecraft.world.entity.LivingEntity.hurt(LivingEntity.java:1519) ~[?:?]
	at net.minecraft.world.entity.animal.Animal.hurt(Animal.java:87) ~[?:?]
	at net.minecraft.world.entity.animal.Wolf.doHurtTarget(Wolf.java:323) ~[?:?]
	at net.minecraft.world.entity.ai.goal.MeleeAttackGoal.checkAndPerformAttack(MeleeAttackGoal.java:130) ~[?:?]
	at net.minecraft.world.entity.ai.goal.MeleeAttackGoal.tick(MeleeAttackGoal.java:121) ~[?:?]
	at net.minecraft.world.entity.ai.goal.WrappedGoal.tick(WrappedGoal.java:63) ~[?:?]
	at net.minecraft.world.entity.ai.goal.GoalSelector.tickRunningGoals(GoalSelector.java:154) ~[?:?]
	at net.minecraft.world.entity.ai.goal.GoalSelector.tick(GoalSelector.java:145) ~[?:?]
	at net.minecraft.world.entity.Mob.serverAiStep(Mob.java:923) ~[?:?]
	at net.minecraft.world.entity.LivingEntity.aiStep(LivingEntity.java:3351) ~[?:?]
	at net.minecraft.world.entity.Mob.aiStep(Mob.java:673) ~[?:?]
	at net.minecraft.world.entity.AgeableMob.aiStep(AgeableMob.java:155) ~[?:?]
	at net.minecraft.world.entity.animal.Animal.aiStep(Animal.java:63) ~[?:?]
	at net.minecraft.world.entity.animal.Wolf.aiStep(Wolf.java:186) ~[?:?]
	at net.minecraft.world.entity.LivingEntity.tick(LivingEntity.java:3006) ~[?:?]
	at net.minecraft.world.entity.Mob.tick(Mob.java:435) ~[?:?]
	at net.minecraft.world.entity.animal.Wolf.tick(Wolf.java:202) ~[?:?]
	at net.minecraft.server.level.ServerLevel.tickNonPassenger(ServerLevel.java:1352) ~[?:?]
	at net.minecraft.world.level.Level.guardEntityTick(Level.java:1004) ~[?:?]
	at net.minecraft.server.level.ServerLevel.lambda$tick$12(ServerLevel.java:872) ~[?:?]
	at net.minecraft.world.level.entity.EntityTickList.forEach(EntityTickList.java:42) ~[paper-1.20.1.jar:git-Paper-196]
	at net.minecraft.server.level.ServerLevel.tick(ServerLevel.java:852) ~[?:?]
	at net.minecraft.server.MinecraftServer.tickChildren(MinecraftServer.java:1556) ~[paper-1.20.1.jar:git-Paper-196]
	at net.minecraft.server.dedicated.DedicatedServer.tickChildren(DedicatedServer.java:446) ~[paper-1.20.1.jar:git-Paper-196]
	at net.minecraft.server.MinecraftServer.tickServer(MinecraftServer.java:1393) ~[paper-1.20.1.jar:git-Paper-196]
	at net.minecraft.server.MinecraftServer.runServer(MinecraftServer.java:1170) ~[paper-1.20.1.jar:git-Paper-196]
	at net.minecraft.server.MinecraftServer.lambda$spin$0(MinecraftServer.java:317) ~[paper-1.20.1.jar:git-Paper-196]
	at java.lang.Thread.run(Thread.java:840) ~[?:?]
[03:37:45] [Server thread/ERROR]: Could not pass event EntityDeathEvent to s2e-farm-pro v1.2.4-pro
java.lang.NullPointerException: Cannot invoke "java.lang.Integer.intValue()" because the return value of "java.util.Map.get(Object)" is null
	at つ.onEntityDeath(WolfController.java:56717) ~[farm-pro.jar:?]
	at com.destroystokyo.paper.event.executor.asm.generated.GeneratedEventExecutor18.execute(Unknown Source) ~[?:?]
	at org.bukkit.plugin.EventExecutor$2.execute(EventExecutor.java:77) ~[paper-api-1.20.1-R0.1-SNAPSHOT.jar:?]
	at co.aikar.timings.TimedEventExecutor.execute(TimedEventExecutor.java:81) ~[paper-api-1.20.1-R0.1-SNAPSHOT.jar:git-Paper-196]
	at org.bukkit.plugin.RegisteredListener.callEvent(RegisteredListener.java:70) ~[paper-api-1.20.1-R0.1-SNAPSHOT.jar:?]
	at io.papermc.paper.plugin.manager.PaperEventManager.callEvent(PaperEventManager.java:54) ~[paper-1.20.1.jar:git-Paper-196]
	at io.papermc.paper.plugin.manager.PaperPluginManagerImpl.callEvent(PaperPluginManagerImpl.java:126) ~[paper-1.20.1.jar:git-Paper-196]
	at org.bukkit.plugin.SimplePluginManager.callEvent(SimplePluginManager.java:615) ~[paper-api-1.20.1-R0.1-SNAPSHOT.jar:?]
	at org.bukkit.craftbukkit.v1_20_R1.event.CraftEventFactory.callEntityDeathEvent(CraftEventFactory.java:928) ~[paper-1.20.1.jar:git-Paper-196]
	at net.minecraft.world.entity.LivingEntity.dropAllDeathLoot(LivingEntity.java:1801) ~[?:?]
	at net.minecraft.world.entity.LivingEntity.die(LivingEntity.java:1695) ~[?:?]
	at net.minecraft.world.entity.LivingEntity.hurt(LivingEntity.java:1519) ~[?:?]
	at net.minecraft.world.entity.animal.Animal.hurt(Animal.java:87) ~[?:?]
	at net.minecraft.world.entity.animal.Wolf.doHurtTarget(Wolf.java:323) ~[?:?]
	at net.minecraft.world.entity.ai.goal.MeleeAttackGoal.checkAndPerformAttack(MeleeAttackGoal.java:130) ~[?:?]
	at net.minecraft.world.entity.ai.goal.MeleeAttackGoal.tick(MeleeAttackGoal.java:121) ~[?:?]
	at net.minecraft.world.entity.ai.goal.WrappedGoal.tick(WrappedGoal.java:63) ~[?:?]
	at net.minecraft.world.entity.ai.goal.GoalSelector.tickRunningGoals(GoalSelector.java:154) ~[?:?]
	at net.minecraft.world.entity.ai.goal.GoalSelector.tick(GoalSelector.java:145) ~[?:?]
	at net.minecraft.world.entity.Mob.serverAiStep(Mob.java:923) ~[?:?]
	at net.minecraft.world.entity.LivingEntity.aiStep(LivingEntity.java:3351) ~[?:?]
	at net.minecraft.world.entity.Mob.aiStep(Mob.java:673) ~[?:?]
	at net.minecraft.world.entity.AgeableMob.aiStep(AgeableMob.java:155) ~[?:?]
	at net.minecraft.world.entity.animal.Animal.aiStep(Animal.java:63) ~[?:?]
	at net.minecraft.world.entity.animal.Wolf.aiStep(Wolf.java:186) ~[?:?]
	at net.minecraft.world.entity.LivingEntity.tick(LivingEntity.java:3006) ~[?:?]
	at net.minecraft.world.entity.Mob.tick(Mob.java:435) ~[?:?]
	at net.minecraft.world.entity.animal.Wolf.tick(Wolf.java:202) ~[?:?]
	at net.minecraft.server.level.ServerLevel.tickNonPassenger(ServerLevel.java:1352) ~[?:?]
	at net.minecraft.world.level.Level.guardEntityTick(Level.java:1004) ~[?:?]
	at net.minecraft.server.level.ServerLevel.lambda$tick$12(ServerLevel.java:872) ~[?:?]
	at net.minecraft.world.level.entity.EntityTickList.forEach(EntityTickList.java:42) ~[paper-1.20.1.jar:git-Paper-196]
	at net.minecraft.server.level.ServerLevel.tick(ServerLevel.java:852) ~[?:?]
	at net.minecraft.server.MinecraftServer.tickChildren(MinecraftServer.java:1556) ~[paper-1.20.1.jar:git-Paper-196]
	at net.minecraft.server.dedicated.DedicatedServer.tickChildren(DedicatedServer.java:446) ~[paper-1.20.1.jar:git-Paper-196]
	at net.minecraft.server.MinecraftServer.tickServer(MinecraftServer.java:1393) ~[paper-1.20.1.jar:git-Paper-196]
	at net.minecraft.server.MinecraftServer.runServer(MinecraftServer.java:1170) ~[paper-1.20.1.jar:git-Paper-196]
	at net.minecraft.server.MinecraftServer.lambda$spin$0(MinecraftServer.java:317) ~[paper-1.20.1.jar:git-Paper-196]
	at java.lang.Thread.run(Thread.java:840) ~[?:?]
[03:37:56] [Server thread/INFO]: Summoned new Zombie
[03:37:56] [Server thread/INFO]: Summoned new Zombie
[03:37:56] [Server thread/INFO]: Summoned new Zombie
[03:38:10] [Server thread/INFO]: Summoned new Zombie
[03:38:17] [Server thread/ERROR]: Could not pass event EntityDeathEvent to s2e-farm-pro v1.2.4-pro
java.lang.NullPointerException: Cannot invoke "java.lang.Integer.intValue()" because the return value of "java.util.Map.get(Object)" is null
	at つ.onEntityDeath(WolfController.java:56717) ~[farm-pro.jar:?]
	at com.destroystokyo.paper.event.executor.asm.generated.GeneratedEventExecutor18.execute(Unknown Source) ~[?:?]
	at org.bukkit.plugin.EventExecutor$2.execute(EventExecutor.java:77) ~[paper-api-1.20.1-R0.1-SNAPSHOT.jar:?]
	at co.aikar.timings.TimedEventExecutor.execute(TimedEventExecutor.java:81) ~[paper-api-1.20.1-R0.1-SNAPSHOT.jar:git-Paper-196]
	at org.bukkit.plugin.RegisteredListener.callEvent(RegisteredListener.java:70) ~[paper-api-1.20.1-R0.1-SNAPSHOT.jar:?]
	at io.papermc.paper.plugin.manager.PaperEventManager.callEvent(PaperEventManager.java:54) ~[paper-1.20.1.jar:git-Paper-196]
	at io.papermc.paper.plugin.manager.PaperPluginManagerImpl.callEvent(PaperPluginManagerImpl.java:126) ~[paper-1.20.1.jar:git-Paper-196]
	at org.bukkit.plugin.SimplePluginManager.callEvent(SimplePluginManager.java:615) ~[paper-api-1.20.1-R0.1-SNAPSHOT.jar:?]
	at org.bukkit.craftbukkit.v1_20_R1.event.CraftEventFactory.callEntityDeathEvent(CraftEventFactory.java:928) ~[paper-1.20.1.jar:git-Paper-196]
	at net.minecraft.world.entity.LivingEntity.dropAllDeathLoot(LivingEntity.java:1801) ~[?:?]
	at net.minecraft.world.entity.LivingEntity.die(LivingEntity.java:1695) ~[?:?]
	at net.minecraft.world.entity.LivingEntity.hurt(LivingEntity.java:1519) ~[?:?]
	at net.minecraft.world.entity.animal.Animal.hurt(Animal.java:87) ~[?:?]
	at net.minecraft.world.entity.animal.Wolf.doHurtTarget(Wolf.java:323) ~[?:?]
	at net.minecraft.world.entity.ai.goal.MeleeAttackGoal.checkAndPerformAttack(MeleeAttackGoal.java:130) ~[?:?]
	at net.minecraft.world.entity.ai.goal.MeleeAttackGoal.tick(MeleeAttackGoal.java:121) ~[?:?]
	at net.minecraft.world.entity.ai.goal.WrappedGoal.tick(WrappedGoal.java:63) ~[?:?]
	at net.minecraft.world.entity.ai.goal.GoalSelector.tickRunningGoals(GoalSelector.java:154) ~[?:?]
	at net.minecraft.world.entity.ai.goal.GoalSelector.tick(GoalSelector.java:145) ~[?:?]
	at net.minecraft.world.entity.Mob.serverAiStep(Mob.java:923) ~[?:?]
	at net.minecraft.world.entity.LivingEntity.aiStep(LivingEntity.java:3351) ~[?:?]
	at net.minecraft.world.entity.Mob.aiStep(Mob.java:673) ~[?:?]
	at net.minecraft.world.entity.AgeableMob.aiStep(AgeableMob.java:155) ~[?:?]
	at net.minecraft.world.entity.animal.Animal.aiStep(Animal.java:63) ~[?:?]
	at net.minecraft.world.entity.animal.Wolf.aiStep(Wolf.java:186) ~[?:?]
	at net.minecraft.world.entity.LivingEntity.tick(LivingEntity.java:3006) ~[?:?]
	at net.minecraft.world.entity.Mob.tick(Mob.java:435) ~[?:?]
	at net.minecraft.world.entity.animal.Wolf.tick(Wolf.java:202) ~[?:?]
	at net.minecraft.server.level.ServerLevel.tickNonPassenger(ServerLevel.java:1352) ~[?:?]
	at net.minecraft.world.level.Level.guardEntityTick(Level.java:1004) ~[?:?]
	at net.minecraft.server.level.ServerLevel.lambda$tick$12(ServerLevel.java:872) ~[?:?]
	at net.minecraft.world.level.entity.EntityTickList.forEach(EntityTickList.java:42) ~[paper-1.20.1.jar:git-Paper-196]
	at net.minecraft.server.level.ServerLevel.tick(ServerLevel.java:852) ~[?:?]
	at net.minecraft.server.MinecraftServer.tickChildren(MinecraftServer.java:1556) ~[paper-1.20.1.jar:git-Paper-196]
	at net.minecraft.server.dedicated.DedicatedServer.tickChildren(DedicatedServer.java:446) ~[paper-1.20.1.jar:git-Paper-196]
	at net.minecraft.server.MinecraftServer.tickServer(MinecraftServer.java:1393) ~[paper-1.20.1.jar:git-Paper-196]
	at net.minecraft.server.MinecraftServer.runServer(MinecraftServer.java:1170) ~[paper-1.20.1.jar:git-Paper-196]
	at net.minecraft.server.MinecraftServer.lambda$spin$0(MinecraftServer.java:317) ~[paper-1.20.1.jar:git-Paper-196]
	at java.lang.Thread.run(Thread.java:840) ~[?:?]
[03:38:21] [Server thread/INFO]: Summoned new Zombie
[03:38:29] [Server thread/INFO]: Summoned new Zombie
[03:38:32] [Server thread/INFO]: Summoned new Zombie
[03:38:36] [Server thread/INFO]: Summoned new Zombie
[03:38:49] [Server thread/INFO]: Summoned new Zombie
[03:39:03] [Server thread/INFO]: Summoned new Zombie
[03:39:04] [Server thread/ERROR]: Could not pass event EntityDeathEvent to s2e-farm-pro v1.2.4-pro
java.lang.NullPointerException: Cannot invoke "java.lang.Integer.intValue()" because the return value of "java.util.Map.get(Object)" is null
	at つ.onEntityDeath(WolfController.java:56717) ~[farm-pro.jar:?]
	at com.destroystokyo.paper.event.executor.asm.generated.GeneratedEventExecutor18.execute(Unknown Source) ~[?:?]
	at org.bukkit.plugin.EventExecutor$2.execute(EventExecutor.java:77) ~[paper-api-1.20.1-R0.1-SNAPSHOT.jar:?]
	at co.aikar.timings.TimedEventExecutor.execute(TimedEventExecutor.java:81) ~[paper-api-1.20.1-R0.1-SNAPSHOT.jar:git-Paper-196]
	at org.bukkit.plugin.RegisteredListener.callEvent(RegisteredListener.java:70) ~[paper-api-1.20.1-R0.1-SNAPSHOT.jar:?]
	at io.papermc.paper.plugin.manager.PaperEventManager.callEvent(PaperEventManager.java:54) ~[paper-1.20.1.jar:git-Paper-196]
	at io.papermc.paper.plugin.manager.PaperPluginManagerImpl.callEvent(PaperPluginManagerImpl.java:126) ~[paper-1.20.1.jar:git-Paper-196]
	at org.bukkit.plugin.SimplePluginManager.callEvent(SimplePluginManager.java:615) ~[paper-api-1.20.1-R0.1-SNAPSHOT.jar:?]
	at org.bukkit.craftbukkit.v1_20_R1.event.CraftEventFactory.callEntityDeathEvent(CraftEventFactory.java:928) ~[paper-1.20.1.jar:git-Paper-196]
	at net.minecraft.world.entity.LivingEntity.dropAllDeathLoot(LivingEntity.java:1801) ~[?:?]
	at net.minecraft.world.entity.LivingEntity.die(LivingEntity.java:1695) ~[?:?]
	at net.minecraft.world.entity.LivingEntity.hurt(LivingEntity.java:1519) ~[?:?]
	at net.minecraft.world.entity.animal.Animal.hurt(Animal.java:87) ~[?:?]
	at net.minecraft.world.entity.animal.Wolf.doHurtTarget(Wolf.java:323) ~[?:?]
	at net.minecraft.world.entity.ai.goal.MeleeAttackGoal.checkAndPerformAttack(MeleeAttackGoal.java:130) ~[?:?]
	at net.minecraft.world.entity.ai.goal.MeleeAttackGoal.tick(MeleeAttackGoal.java:121) ~[?:?]
	at net.minecraft.world.entity.ai.goal.WrappedGoal.tick(WrappedGoal.java:63) ~[?:?]
	at net.minecraft.world.entity.ai.goal.GoalSelector.tickRunningGoals(GoalSelector.java:154) ~[?:?]
	at net.minecraft.world.entity.ai.goal.GoalSelector.tick(GoalSelector.java:145) ~[?:?]
	at net.minecraft.world.entity.Mob.serverAiStep(Mob.java:923) ~[?:?]
	at net.minecraft.world.entity.LivingEntity.aiStep(LivingEntity.java:3351) ~[?:?]
	at net.minecraft.world.entity.Mob.aiStep(Mob.java:673) ~[?:?]
	at net.minecraft.world.entity.AgeableMob.aiStep(AgeableMob.java:155) ~[?:?]
	at net.minecraft.world.entity.animal.Animal.aiStep(Animal.java:63) ~[?:?]
	at net.minecraft.world.entity.animal.Wolf.aiStep(Wolf.java:186) ~[?:?]
	at net.minecraft.world.entity.LivingEntity.tick(LivingEntity.java:3006) ~[?:?]
	at net.minecraft.world.entity.Mob.tick(Mob.java:435) ~[?:?]
	at net.minecraft.world.entity.animal.Wolf.tick(Wolf.java:202) ~[?:?]
	at net.minecraft.server.level.ServerLevel.tickNonPassenger(ServerLevel.java:1352) ~[?:?]
	at net.minecraft.world.level.Level.guardEntityTick(Level.java:1004) ~[?:?]
	at net.minecraft.server.level.ServerLevel.lambda$tick$12(ServerLevel.java:872) ~[?:?]
	at net.minecraft.world.level.entity.EntityTickList.forEach(EntityTickList.java:42) ~[paper-1.20.1.jar:git-Paper-196]
	at net.minecraft.server.level.ServerLevel.tick(ServerLevel.java:852) ~[?:?]
	at net.minecraft.server.MinecraftServer.tickChildren(MinecraftServer.java:1556) ~[paper-1.20.1.jar:git-Paper-196]
	at net.minecraft.server.dedicated.DedicatedServer.tickChildren(DedicatedServer.java:446) ~[paper-1.20.1.jar:git-Paper-196]
	at net.minecraft.server.MinecraftServer.tickServer(MinecraftServer.java:1393) ~[paper-1.20.1.jar:git-Paper-196]
	at net.minecraft.server.MinecraftServer.runServer(MinecraftServer.java:1170) ~[paper-1.20.1.jar:git-Paper-196]
	at net.minecraft.server.MinecraftServer.lambda$spin$0(MinecraftServer.java:317) ~[paper-1.20.1.jar:git-Paper-196]
	at java.lang.Thread.run(Thread.java:840) ~[?:?]
[03:39:21] [Server thread/INFO]: Summoned new Zombie
[03:39:36] [Server thread/INFO]: Summoned new Zombie
[03:39:40] [Server thread/INFO]: Summoned new Zombie
[03:39:51] [Server thread/INFO]: Summoned new Zombie
[03:39:54] [Server thread/INFO]: Gave 1 [Netherite Chestplate] to lunek334
[03:39:54] [Server thread/INFO]: Gave 1 [Netherite Leggings] to lunek334
[03:39:54] [Server thread/INFO]: Gave 1 [Netherite Boots] to lunek334
[03:39:54] [Server thread/INFO]: Gave 1 [Netherite Sword] to lunek334
[03:39:54] [Server thread/INFO]: Gave 1 [Netherite Helmet] to lunek334
[03:39:56] [Server thread/INFO]: Summoned new Zombie
[03:40:09] [Server thread/INFO]: Summoned new Zombie
[03:40:14] [Server thread/INFO]: Summoned new Zombie
[03:40:17] [Server thread/INFO]: Summoned new Zombie
[03:40:30] [Server thread/INFO]: Summoned new Zombie
[03:40:32] [Server thread/INFO]: Summoned new Zombie
[03:40:39] [Server thread/INFO]: Summoned new Enderman
[03:40:39] [Server thread/INFO]: Summoned new Blaze
[03:40:39] [Server thread/INFO]: Summoned new Enderman
[03:40:39] [Server thread/INFO]: Summoned new Blaze
[03:40:47] [Server thread/INFO]: Summoned new Zombie
[03:40:47] [Server thread/INFO]: Summoned new Zombie
[03:40:53] [Server thread/INFO]: lunek334 issued server command: /tp Bartynz
[03:40:53] [Server thread/INFO]: [lunek334: Teleported lunek334 to Bartynz]
[03:41:00] [Server thread/INFO]: Summoned new Zombie
[03:41:02] [Server thread/INFO]: Gave 1 [gracias por el totem] to lunek334
[03:41:02] [Server thread/INFO]: Gave 1 [Enchanted Golden Apple] to lunek334
[03:41:02] [Server thread/INFO]: Gave 1 [Enchanted Golden Apple] to lunek334
[03:41:03] [Server thread/INFO]: Gave 1 [gracias por el totem] to lunek334
[03:41:03] [Server thread/INFO]: Gave 1 [Enchanted Golden Apple] to lunek334
[03:41:03] [Server thread/INFO]: Gave 1 [Enchanted Golden Apple] to lunek334
[03:41:05] [Server thread/INFO]: Summoned new Zombie
[03:41:06] [Server thread/INFO]: Bartynz was slain by Zombie
[03:41:12] [Server thread/INFO]: Summoned new Zombie
[03:41:23] [Server thread/INFO]: Summoned new Zombie
[03:41:28] [Server thread/INFO]: Summoned new Zombie
[03:41:34] [Server thread/INFO]: Summoned new Zombie
[03:41:35] [Server thread/INFO]: Summoned new Zombie
[03:41:38] [Server thread/INFO]: lunek334 issued server command: /tp Bartynz lunek334
[03:41:38] [Server thread/INFO]: [lunek334: Teleported Bartynz to lunek334]
[03:41:43] [Server thread/INFO]: Summoned new Zombie
[03:41:47] [Server thread/INFO]: Summoned new Zombie
[03:41:56] [Server thread/INFO]: Summoned new Zombie
[03:42:01] [Server thread/INFO]: Summoned new Zombie
[03:42:03] [Server thread/INFO]: Summoned new Zombie
[03:42:06] [Server thread/INFO]: Summoned new Zombie
[03:42:12] [Server thread/INFO]: Summoned new Zombie
[03:42:15] [Server thread/INFO]: Summoned new Zombie
[03:42:18] [Server thread/INFO]: Summoned new Zombie
[03:42:20] [Server thread/INFO]: Summoned new Zombie
[03:42:25] [Server thread/INFO]: Summoned new Zombie
[03:42:30] [Server thread/INFO]: Summoned new Zombie
[03:42:31] [Server thread/INFO]: Executed 5 command(s) from function 'tiktok:armadura'
[03:42:36] [Server thread/INFO]: Summoned new Zombie
[03:42:37] [Server thread/INFO]: Summoned new Zombie
[03:42:40] [Server thread/INFO]: Summoned new Zombie
[03:42:46] [Server thread/INFO]: Summoned new Zombie
[03:42:51] [Server thread/INFO]: Summoned new Zombie
[03:42:51] [Server thread/INFO]: lunek334 issued server command: /tp Bartynz lunek334
[03:42:51] [Server thread/INFO]: [lunek334: Teleported Bartynz to lunek334]
[03:42:51] [Server thread/INFO]: Summoned new Zombie
[03:42:54] [Server thread/INFO]: Summoned new Zombie
[03:42:57] [Server thread/INFO]: Summoned new Zombie
[03:43:10] [Server thread/INFO]: Summoned new Zombie
[03:43:18] [Server thread/INFO]: Summoned new Zombie
[03:43:22] [Server thread/INFO]: Summoned new Zombie
[03:43:28] [Server thread/ERROR]: Could not pass event EntityDeathEvent to s2e-farm-pro v1.2.4-pro
java.lang.NullPointerException: Cannot invoke "java.lang.Integer.intValue()" because the return value of "java.util.Map.get(Object)" is null
	at つ.onEntityDeath(WolfController.java:56717) ~[farm-pro.jar:?]
	at com.destroystokyo.paper.event.executor.asm.generated.GeneratedEventExecutor18.execute(Unknown Source) ~[?:?]
	at org.bukkit.plugin.EventExecutor$2.execute(EventExecutor.java:77) ~[paper-api-1.20.1-R0.1-SNAPSHOT.jar:?]
	at co.aikar.timings.TimedEventExecutor.execute(TimedEventExecutor.java:81) ~[paper-api-1.20.1-R0.1-SNAPSHOT.jar:git-Paper-196]
	at org.bukkit.plugin.RegisteredListener.callEvent(RegisteredListener.java:70) ~[paper-api-1.20.1-R0.1-SNAPSHOT.jar:?]
	at io.papermc.paper.plugin.manager.PaperEventManager.callEvent(PaperEventManager.java:54) ~[paper-1.20.1.jar:git-Paper-196]
	at io.papermc.paper.plugin.manager.PaperPluginManagerImpl.callEvent(PaperPluginManagerImpl.java:126) ~[paper-1.20.1.jar:git-Paper-196]
	at org.bukkit.plugin.SimplePluginManager.callEvent(SimplePluginManager.java:615) ~[paper-api-1.20.1-R0.1-SNAPSHOT.jar:?]
	at org.bukkit.craftbukkit.v1_20_R1.event.CraftEventFactory.callEntityDeathEvent(CraftEventFactory.java:928) ~[paper-1.20.1.jar:git-Paper-196]
	at net.minecraft.world.entity.LivingEntity.dropAllDeathLoot(LivingEntity.java:1801) ~[?:?]
	at net.minecraft.world.entity.LivingEntity.die(LivingEntity.java:1695) ~[?:?]
	at net.minecraft.world.entity.LivingEntity.hurt(LivingEntity.java:1519) ~[?:?]
	at net.minecraft.world.entity.animal.Animal.hurt(Animal.java:87) ~[?:?]
	at net.minecraft.world.entity.animal.Wolf.doHurtTarget(Wolf.java:323) ~[?:?]
	at net.minecraft.world.entity.ai.goal.MeleeAttackGoal.checkAndPerformAttack(MeleeAttackGoal.java:130) ~[?:?]
	at net.minecraft.world.entity.ai.goal.MeleeAttackGoal.tick(MeleeAttackGoal.java:121) ~[?:?]
	at net.minecraft.world.entity.ai.goal.WrappedGoal.tick(WrappedGoal.java:63) ~[?:?]
	at net.minecraft.world.entity.ai.goal.GoalSelector.tickRunningGoals(GoalSelector.java:154) ~[?:?]
	at net.minecraft.world.entity.ai.goal.GoalSelector.tick(GoalSelector.java:145) ~[?:?]
	at net.minecraft.world.entity.Mob.serverAiStep(Mob.java:923) ~[?:?]
	at net.minecraft.world.entity.LivingEntity.aiStep(LivingEntity.java:3351) ~[?:?]
	at net.minecraft.world.entity.Mob.aiStep(Mob.java:673) ~[?:?]
	at net.minecraft.world.entity.AgeableMob.aiStep(AgeableMob.java:155) ~[?:?]
	at net.minecraft.world.entity.animal.Animal.aiStep(Animal.java:63) ~[?:?]
	at net.minecraft.world.entity.animal.Wolf.aiStep(Wolf.java:186) ~[?:?]
	at net.minecraft.world.entity.LivingEntity.tick(LivingEntity.java:3006) ~[?:?]
	at net.minecraft.world.entity.Mob.tick(Mob.java:435) ~[?:?]
	at net.minecraft.world.entity.animal.Wolf.tick(Wolf.java:202) ~[?:?]
	at net.minecraft.server.level.ServerLevel.tickNonPassenger(ServerLevel.java:1352) ~[?:?]
	at net.minecraft.world.level.Level.guardEntityTick(Level.java:1004) ~[?:?]
	at net.minecraft.server.level.ServerLevel.lambda$tick$12(ServerLevel.java:872) ~[?:?]
	at net.minecraft.world.level.entity.EntityTickList.forEach(EntityTickList.java:42) ~[paper-1.20.1.jar:git-Paper-196]
	at net.minecraft.server.level.ServerLevel.tick(ServerLevel.java:852) ~[?:?]
	at net.minecraft.server.MinecraftServer.tickChildren(MinecraftServer.java:1556) ~[paper-1.20.1.jar:git-Paper-196]
	at net.minecraft.server.dedicated.DedicatedServer.tickChildren(DedicatedServer.java:446) ~[paper-1.20.1.jar:git-Paper-196]
	at net.minecraft.server.MinecraftServer.tickServer(MinecraftServer.java:1393) ~[paper-1.20.1.jar:git-Paper-196]
	at net.minecraft.server.MinecraftServer.runServer(MinecraftServer.java:1170) ~[paper-1.20.1.jar:git-Paper-196]
	at net.minecraft.server.MinecraftServer.lambda$spin$0(MinecraftServer.java:317) ~[paper-1.20.1.jar:git-Paper-196]
	at java.lang.Thread.run(Thread.java:840) ~[?:?]
[03:43:32] [Server thread/ERROR]: Could not pass event EntityDeathEvent to s2e-farm-pro v1.2.4-pro
java.lang.NullPointerException: Cannot invoke "java.lang.Integer.intValue()" because the return value of "java.util.Map.get(Object)" is null
	at つ.onEntityDeath(WolfController.java:56717) ~[farm-pro.jar:?]
	at com.destroystokyo.paper.event.executor.asm.generated.GeneratedEventExecutor18.execute(Unknown Source) ~[?:?]
	at org.bukkit.plugin.EventExecutor$2.execute(EventExecutor.java:77) ~[paper-api-1.20.1-R0.1-SNAPSHOT.jar:?]
	at co.aikar.timings.TimedEventExecutor.execute(TimedEventExecutor.java:81) ~[paper-api-1.20.1-R0.1-SNAPSHOT.jar:git-Paper-196]
	at org.bukkit.plugin.RegisteredListener.callEvent(RegisteredListener.java:70) ~[paper-api-1.20.1-R0.1-SNAPSHOT.jar:?]
	at io.papermc.paper.plugin.manager.PaperEventManager.callEvent(PaperEventManager.java:54) ~[paper-1.20.1.jar:git-Paper-196]
	at io.papermc.paper.plugin.manager.PaperPluginManagerImpl.callEvent(PaperPluginManagerImpl.java:126) ~[paper-1.20.1.jar:git-Paper-196]
	at org.bukkit.plugin.SimplePluginManager.callEvent(SimplePluginManager.java:615) ~[paper-api-1.20.1-R0.1-SNAPSHOT.jar:?]
	at org.bukkit.craftbukkit.v1_20_R1.event.CraftEventFactory.callEntityDeathEvent(CraftEventFactory.java:928) ~[paper-1.20.1.jar:git-Paper-196]
	at net.minecraft.world.entity.LivingEntity.dropAllDeathLoot(LivingEntity.java:1801) ~[?:?]
	at net.minecraft.world.entity.LivingEntity.die(LivingEntity.java:1695) ~[?:?]
	at net.minecraft.world.entity.LivingEntity.hurt(LivingEntity.java:1519) ~[?:?]
	at net.minecraft.world.entity.animal.Animal.hurt(Animal.java:87) ~[?:?]
	at net.minecraft.world.entity.animal.Wolf.doHurtTarget(Wolf.java:323) ~[?:?]
	at net.minecraft.world.entity.ai.goal.MeleeAttackGoal.checkAndPerformAttack(MeleeAttackGoal.java:130) ~[?:?]
	at net.minecraft.world.entity.ai.goal.MeleeAttackGoal.tick(MeleeAttackGoal.java:121) ~[?:?]
	at net.minecraft.world.entity.ai.goal.WrappedGoal.tick(WrappedGoal.java:63) ~[?:?]
	at net.minecraft.world.entity.ai.goal.GoalSelector.tickRunningGoals(GoalSelector.java:154) ~[?:?]
	at net.minecraft.world.entity.ai.goal.GoalSelector.tick(GoalSelector.java:145) ~[?:?]
	at net.minecraft.world.entity.Mob.serverAiStep(Mob.java:923) ~[?:?]
	at net.minecraft.world.entity.LivingEntity.aiStep(LivingEntity.java:3351) ~[?:?]
	at net.minecraft.world.entity.Mob.aiStep(Mob.java:673) ~[?:?]
	at net.minecraft.world.entity.AgeableMob.aiStep(AgeableMob.java:155) ~[?:?]
	at net.minecraft.world.entity.animal.Animal.aiStep(Animal.java:63) ~[?:?]
	at net.minecraft.world.entity.animal.Wolf.aiStep(Wolf.java:186) ~[?:?]
	at net.minecraft.world.entity.LivingEntity.tick(LivingEntity.java:3006) ~[?:?]
	at net.minecraft.world.entity.Mob.tick(Mob.java:435) ~[?:?]
	at net.minecraft.world.entity.animal.Wolf.tick(Wolf.java:202) ~[?:?]
	at net.minecraft.server.level.ServerLevel.tickNonPassenger(ServerLevel.java:1352) ~[?:?]
	at net.minecraft.world.level.Level.guardEntityTick(Level.java:1004) ~[?:?]
	at net.minecraft.server.level.ServerLevel.lambda$tick$12(ServerLevel.java:872) ~[?:?]
	at net.minecraft.world.level.entity.EntityTickList.forEach(EntityTickList.java:42) ~[paper-1.20.1.jar:git-Paper-196]
	at net.minecraft.server.level.ServerLevel.tick(ServerLevel.java:852) ~[?:?]
	at net.minecraft.server.MinecraftServer.tickChildren(MinecraftServer.java:1556) ~[paper-1.20.1.jar:git-Paper-196]
	at net.minecraft.server.dedicated.DedicatedServer.tickChildren(DedicatedServer.java:446) ~[paper-1.20.1.jar:git-Paper-196]
	at net.minecraft.server.MinecraftServer.tickServer(MinecraftServer.java:1393) ~[paper-1.20.1.jar:git-Paper-196]
	at net.minecraft.server.MinecraftServer.runServer(MinecraftServer.java:1170) ~[paper-1.20.1.jar:git-Paper-196]
	at net.minecraft.server.MinecraftServer.lambda$spin$0(MinecraftServer.java:317) ~[paper-1.20.1.jar:git-Paper-196]
	at java.lang.Thread.run(Thread.java:840) ~[?:?]
[03:43:34] [Server thread/INFO]: Summoned new Zombie
[03:43:38] [Server thread/INFO]: Summoned new Zombie
[03:43:45] [Server thread/INFO]: Summoned new Zombie
[03:43:55] [Server thread/INFO]: Summoned new Zombie
[03:43:58] [Server thread/INFO]: Summoned new Zombie
[03:44:04] [Server thread/INFO]: Summoned new Enderman
[03:44:04] [Server thread/INFO]: Summoned new Enderman
[03:44:04] [Server thread/INFO]: Summoned new Blaze
[03:44:04] [Server thread/INFO]: Summoned new Blaze
[03:44:05] [Server thread/INFO]: Summoned new Zombie
[03:44:11] [Server thread/INFO]: lunek334 has made the advancement [Into Fire]
[03:44:20] [Server thread/INFO]: Summoned new Zombie
[03:44:21] [Server thread/INFO]: Summoned new Zombie
[03:44:29] [Server thread/INFO]: Gave 1 [gracias por el totem] to Bartynz
[03:44:29] [Server thread/INFO]: Gave 1 [Enchanted Golden Apple] to Bartynz
[03:44:30] [Server thread/INFO]: Summoned new Zombie
[03:44:40] [Server thread/INFO]: Gave 1 [Enchanted Golden Apple] to Bartynz
[03:44:40] [Server thread/INFO]: Gave 1 [gracias por el totem] to Bartynz
[03:44:41] [Server thread/INFO]: Summoned new Zombie
[03:44:41] [Server thread/INFO]: Gave 1 [gracias por el totem] to Bartynz
[03:44:41] [Server thread/INFO]: Gave 1 [gracias por el totem] to Bartynz
[03:44:41] [Server thread/INFO]: Gave 1 [Enchanted Golden Apple] to Bartynz
[03:44:41] [Server thread/INFO]: Gave 1 [Enchanted Golden Apple] to Bartynz
[03:44:41] [Server thread/INFO]: Gave 1 [Enchanted Golden Apple] to Bartynz
[03:44:41] [Server thread/INFO]: Gave 1 [gracias por el totem] to Bartynz
[03:44:41] [Server thread/INFO]: Gave 1 [Enchanted Golden Apple] to Bartynz
[03:44:41] [Server thread/INFO]: Gave 1 [Enchanted Golden Apple] to Bartynz
[03:44:41] [Server thread/INFO]: Summoned new Zombie
[03:44:41] [Server thread/INFO]: Gave 1 [gracias por el totem] to Bartynz
[03:44:41] [Server thread/INFO]: Gave 1 [gracias por el totem] to Bartynz
[03:44:54] [Server thread/INFO]: Summoned new Zombie
[03:44:57] [Server thread/INFO]: Summoned new Zombie
[03:45:03] [Server thread/INFO]: Executed 3 command(s) from function 'tiktok:armas'
[03:45:04] [Server thread/INFO]: Summoned new Zombie
[03:45:05] [Server thread/INFO]: lunek334 issued server command: /tp Bartynz lunek334
[03:45:05] [Server thread/INFO]: [lunek334: Teleported Bartynz to lunek334]
[03:45:11] [Server thread/INFO]: Summoned new Zombie
[03:45:20] [Server thread/INFO]: Summoned new Zombie
[03:45:28] [Server thread/INFO]: Summoned new Zombie
[03:45:34] [Server thread/INFO]: Summoned new Zombie
[03:45:40] [Server thread/INFO]: Summoned new Zombie
[03:45:49] [Server thread/INFO]: Summoned new Warden
[03:45:50] [Server thread/INFO]: Summoned new Wither
[03:45:50] [Server thread/INFO]: Showing new title for lunek334
[03:45:50] [Server thread/INFO]: Showing new title for Bartynz
[03:45:50] [Server thread/INFO]: Gave 32 [Arrow] to 2
[03:45:52] [Server thread/INFO]: Summoned new Zombie
[03:46:00] [Server thread/INFO]: Summoned new Zombie
[03:46:02] [Server thread/INFO]: Removed 134 item(s) from player Bartynz
[03:46:02] [Server thread/INFO]: Showing new title for Bartynz
[03:46:02] [Server thread/INFO]: Showing new title for Bartynz
[03:46:09] [Server thread/INFO]: Summoned new Zombie
[03:46:23] [Server thread/INFO]: Summoned new Zombie
[03:46:26] [Server thread/INFO]: Summoned new Zombie
[03:46:37] [Server thread/INFO]: Summoned new Zombie
[03:46:39] [Server thread/INFO]: Summoned new Zombie
[03:46:40] [Server thread/INFO]: Summoned new Zombie
[03:46:48] [Server thread/INFO]: Summoned new Zombie
[03:46:49] [Server thread/INFO]: Bartynz was slain by lunek334
[03:47:00] [Server thread/INFO]: Summoned new Zombie
[03:47:02] [Server thread/INFO]: Summoned new Zombie
[03:47:06] [Server thread/INFO]: lunek334 issued server command: /tp Bartynz lunek334
[03:47:06] [Server thread/INFO]: [lunek334: Teleported Bartynz to lunek334]
[03:47:12] [Server thread/INFO]: Summoned new Zombie
[03:47:18] [Server thread/INFO]: Executed 5 command(s) from function 'tiktok:armadura'
[03:47:18] [Server thread/INFO]: Summoned new Zombie
[03:47:20] [Server thread/INFO]: Gave 1 [gracias por el totem] to Bartynz
[03:47:20] [Server thread/INFO]: Gave 1 [Enchanted Golden Apple] to lunek334
[03:47:20] [Server thread/INFO]: Gave 1 [Enchanted Golden Apple] to lunek334
[03:47:22] [Server thread/INFO]: Summoned new Zombie
[03:47:41] [Server thread/INFO]: Summoned new Zombie
[03:47:41] [Server thread/INFO]: lunek334 has made the advancement [Sneak 100]
[03:47:58] [Server thread/INFO]: Summoned new Zombie
[03:48:12] [Server thread/INFO]: Summoned new Zombie
[03:48:36] [Server thread/INFO]: Gave 1 [gracias por el totem] to Bartynz
[03:48:36] [Server thread/INFO]: Gave 1 [Enchanted Golden Apple] to lunek334
[03:48:36] [Server thread/INFO]: Gave 1 [Enchanted Golden Apple] to lunek334
[03:48:36] [Server thread/INFO]: Summoned new Enderman
[03:48:36] [Server thread/INFO]: Summoned new Blaze
[03:48:48] [Server thread/INFO]: Gave 1 [Bow] to lunek334
[03:48:48] [Server thread/INFO]: Gave 32 [Arrow] to 2
[03:48:48] [Server thread/INFO]: Gave 1 [Netherite Pickaxe] to lunek334
[03:49:00] [Server thread/INFO]: Summoned new Enderman
[03:49:00] [Server thread/INFO]: Summoned new Blaze
[03:49:07] [Server thread/INFO]: lunek334 has made the advancement [Take Aim]
[03:49:35] [Server thread/INFO]: Gave 1 [Enchanted Golden Apple] to lunek334
[03:49:35] [Server thread/INFO]: Gave 1 [Enchanted Golden Apple] to lunek334
[03:49:35] [Server thread/INFO]: Gave 1 [gracias por el totem] to Bartynz
[03:50:10] [Server thread/INFO]: Summoned new Enderman
[03:50:10] [Server thread/INFO]: Summoned new Blaze
[03:50:56] [Server thread/INFO]: Summoned new Blaze
[03:50:57] [Server thread/INFO]: Summoned new Enderman
[03:50:57] [Server thread/INFO]: Summoned new Enderman
[03:50:57] [Server thread/INFO]: Summoned new Blaze
[03:51:08] [Server thread/INFO]: Summoned new Zombie
[03:51:20] [Server thread/INFO]: Bartynz has made the advancement [Into Fire]
[03:51:23] [Server thread/INFO]: Summoned new Blaze
[03:51:23] [Server thread/INFO]: Summoned new Enderman
[03:51:55] [Server thread/INFO]: Summoned new Zombie
[03:52:15] [Server thread/INFO]: Summoned new Blaze
[03:52:15] [Server thread/INFO]: Summoned new Enderman
[03:52:15] [Server thread/INFO]: Summoned new Blaze
[03:52:15] [Server thread/INFO]: Summoned new Enderman
[03:53:00] [Server thread/INFO]: Bartynz has reached the goal [Postmortal]
